// Jest Snapshot v1, https://goo.gl/fbAQLP

exports[`empxrem Has Correct API 1`] = `
Array [
  "pxToRem",
  "pxToEm",
  "ensureNotPx",
  "ensureNotPxEm",
]
`;
